{"level":"info","message":"Hello, from acquisitions!","service":"acquisitions-api","timestamp":"2026-07-27T15:55:57.959Z"}
{"level":"info","message":"::ffff:127.0.0.1 - - [27/Jul/2026:15:55:57 +0000] \"GET / HTTP/1.1\" 304 - \"-\" \"Mozilla/5.0 (Windows NT 10.0; Win64; x64; rv:153.0) Gecko/20100101 Firefox/153.0\"","service":"acquisitions-api","timestamp":"2026-07-27T15:55:57.978Z"}
{"level":"info","message":"Hello, from acquisitions!","service":"acquisitions-api","timestamp":"2026-07-28T16:33:15.302Z"}
{"level":"info","message":"::ffff:127.0.0.1 - - [28/Jul/2026:16:33:15 +0000] \"GET / HTTP/1.1\" 304 - \"-\" \"Mozilla/5.0 (Windows NT 10.0; Win64; x64; rv:153.0) Gecko/20100101 Firefox/153.0\"","service":"acquisitions-api","timestamp":"2026-07-28T16:33:15.332Z"}
{"level":"info","message":"Hello, from acquisitions!","service":"acquisitions-api","timestamp":"2026-07-28T16:33:16.280Z"}
{"level":"info","message":"::ffff:127.0.0.1 - - [28/Jul/2026:16:33:16 +0000] \"GET / HTTP/1.1\" 304 - \"-\" \"Mozilla/5.0 (Windows NT 10.0; Win64; x64; rv:153.0) Gecko/20100101 Firefox/153.0\"","service":"acquisitions-api","timestamp":"2026-07-28T16:33:16.287Z"}
{"level":"info","message":"::ffff:127.0.0.1 - - [28/Jul/2026:16:33:30 +0000] \"GET /health HTTP/1.1\" 200 74 \"-\" \"Mozilla/5.0 (Windows NT 10.0; Win64; x64; rv:153.0) Gecko/20100101 Firefox/153.0\"","service":"acquisitions-api","timestamp":"2026-07-28T16:33:30.832Z"}
{"level":"info","message":"::ffff:127.0.0.1 - - [28/Jul/2026:16:33:30 +0000] \"GET /favicon.ico HTTP/1.1\" 404 150 \"-\" \"Mozilla/5.0 (Windows NT 10.0; Win64; x64; rv:153.0) Gecko/20100101 Firefox/153.0\"","service":"acquisitions-api","timestamp":"2026-07-28T16:33:30.883Z"}
{"level":"info","message":"Hello, from acquisitions!","service":"acquisitions-api","timestamp":"2026-07-28T16:48:55.030Z"}
{"level":"info","message":"::1 - - [28/Jul/2026:16:48:55 +0000] \"GET / HTTP/1.1\" 200 25 \"-\" \"HTTPie\"","service":"acquisitions-api","timestamp":"2026-07-28T16:48:55.032Z"}
{"level":"info","message":"::1 - - [28/Jul/2026:16:49:03 +0000] \"GET /health HTTP/1.1\" 200 75 \"-\" \"HTTPie\"","service":"acquisitions-api","timestamp":"2026-07-28T16:49:03.483Z"}
{"level":"info","message":"::1 - - [28/Jul/2026:16:49:06 +0000] \"GET /api HTTP/1.1\" 200 40 \"-\" \"HTTPie\"","service":"acquisitions-api","timestamp":"2026-07-28T16:49:06.812Z"}
{"level":"info","message":"::1 - - [28/Jul/2026:16:49:55 +0000] \"POST /api/auth/sign-in HTTP/1.1\" 200 31 \"-\" \"HTTPie\"","service":"acquisitions-api","timestamp":"2026-07-28T16:49:55.746Z"}
{"level":"info","message":"::1 - - [31/Jul/2026:17:46:11 +0000] \"POST /api/auth/sign-in HTTP/1.1\" 200 31 \"-\" \"HTTPie\"","service":"acquisitions-api","timestamp":"2026-07-31T17:46:11.188Z"}
{"level":"info","message":"::1 - - [31/Jul/2026:17:46:18 +0000] \"POST /api/auth/sign-up HTTP/1.1\" 200 31 \"-\" \"HTTPie\"","service":"acquisitions-api","timestamp":"2026-07-31T17:46:18.657Z"}
{"level":"info","message":"::1 - - [31/Jul/2026:17:46:25 +0000] \"POST /api/auth/sign-up HTTP/1.1\" 200 31 \"-\" \"HTTPie\"","service":"acquisitions-api","timestamp":"2026-07-31T17:46:25.759Z"}
{"level":"info","message":"::1 - - [31/Jul/2026:17:47:00 +0000] \"POST /api/auth/sign-up HTTP/1.1\" 200 31 \"-\" \"HTTPie\"","service":"acquisitions-api","timestamp":"2026-07-31T17:47:00.004Z"}
{"level":"info","message":"::1 - - [31/Jul/2026:17:50:28 +0000] \"POST /api/auth/sign-up HTTP/1.1\" 400 59 \"-\" \"HTTPie\"","service":"acquisitions-api","timestamp":"2026-07-31T17:50:28.615Z"}
{"level":"info","message":"::1 - - [31/Jul/2026:17:51:52 +0000] \"POST /api/auth/sign-up HTTP/1.1\" 400 59 \"-\" \"HTTPie\"","service":"acquisitions-api","timestamp":"2026-07-31T17:51:52.067Z"}
{"level":"info","message":"::1 - - [31/Jul/2026:17:51:57 +0000] \"POST /api/auth/sign-up HTTP/1.1\" 400 59 \"-\" \"HTTPie\"","service":"acquisitions-api","timestamp":"2026-07-31T17:51:57.865Z"}
{"level":"info","message":"User registered successfully: contact@gmail.com","service":"acquisitions-api","timestamp":"2026-07-31T17:52:18.115Z"}
{"level":"info","message":"::1 - - [31/Jul/2026:17:52:18 +0000] \"POST /api/auth/sign-up HTTP/1.1\" 201 114 \"-\" \"HTTPie\"","service":"acquisitions-api","timestamp":"2026-07-31T17:52:18.117Z"}
{"level":"info","message":"::1 - - [01/Aug/2026:21:16:23 +0000] \"POST /api/auth/sign-up HTTP/1.1\" 400 59 \"-\" \"HTTPie\"","service":"acquisitions-api","timestamp":"2026-08-01T21:16:23.492Z"}
{"level":"info","message":"::1 - - [01/Aug/2026:21:16:46 +0000] \"POST /api/auth/sign-up HTTP/1.1\" 400 59 \"-\" \"HTTPie\"","service":"acquisitions-api","timestamp":"2026-08-01T21:16:46.939Z"}
{"level":"info","message":"::1 - - [01/Aug/2026:21:18:13 +0000] \"POST /api/auth/sign-up HTTP/1.1\" 400 59 \"-\" \"HTTPie\"","service":"acquisitions-api","timestamp":"2026-08-01T21:18:13.407Z"}
{"level":"info","message":"::1 - - [01/Aug/2026:21:18:30 +0000] \"POST /api/auth/sign-up HTTP/1.1\" 400 59 \"-\" \"HTTPie\"","service":"acquisitions-api","timestamp":"2026-08-01T21:18:30.108Z"}
{"level":"info","message":"::1 - - [01/Aug/2026:21:18:53 +0000] \"POST /api/auth/sign-up HTTP/1.1\" 400 59 \"-\" \"HTTPie\"","service":"acquisitions-api","timestamp":"2026-08-01T21:18:53.227Z"}
{"level":"info","message":"::1 - - [01/Aug/2026:21:18:54 +0000] \"POST /api/auth/sign-up HTTP/1.1\" 400 59 \"-\" \"HTTPie\"","service":"acquisitions-api","timestamp":"2026-08-01T21:18:54.182Z"}
{"level":"info","message":"::1 - - [01/Aug/2026:21:19:19 +0000] \"POST /api/auth/sign-up HTTP/1.1\" 400 59 \"-\" \"HTTPie\"","service":"acquisitions-api","timestamp":"2026-08-01T21:19:19.568Z"}
{"level":"info","message":"::1 - - [01/Aug/2026:21:19:28 +0000] \"POST /api/auth/sign-up HTTP/1.1\" 400 59 \"-\" \"HTTPie\"","service":"acquisitions-api","timestamp":"2026-08-01T21:19:28.903Z"}
{"level":"info","message":"::1 - - [01/Aug/2026:21:19:29 +0000] \"POST /api/auth/sign-up HTTP/1.1\" 400 59 \"-\" \"HTTPie\"","service":"acquisitions-api","timestamp":"2026-08-01T21:19:29.782Z"}
{"level":"info","message":"::1 - - [01/Aug/2026:21:24:07 +0000] \"POST /api/auth/sign-up HTTP/1.1\" 400 92 \"-\" \"HTTPie\"","service":"acquisitions-api","timestamp":"2026-08-01T21:24:07.460Z"}
{"level":"error","message":"Error creating user: User with this email already exists","service":"acquisitions-api","stack":"Error: User with this email already exists\n    at createUser (file:///C:/Users/amens/Desktop/coding/Projects/Acquisitions/src/services/auth.service.js:21:13)\n    at signup (file:///C:/Users/amens/Desktop/coding/Projects/Acquisitions/src/controllers/auth.controller.js:19:24)\n    at Layer.handleRequest (C:\\Users\\amens\\Desktop\\coding\\Projects\\Acquisitions\\node_modules\\router\\lib\\layer.js:152:17)\n    at next (C:\\Users\\amens\\Desktop\\coding\\Projects\\Acquisitions\\node_modules\\router\\lib\\route.js:157:13)\n    at Route.dispatch (C:\\Users\\amens\\Desktop\\coding\\Projects\\Acquisitions\\node_modules\\router\\lib\\route.js:117:3)\n    at handle (C:\\Users\\amens\\Desktop\\coding\\Projects\\Acquisitions\\node_modules\\router\\index.js:435:11)\n    at Layer.handleRequest (C:\\Users\\amens\\Desktop\\coding\\Projects\\Acquisitions\\node_modules\\router\\lib\\layer.js:152:17)\n    at C:\\Users\\amens\\Desktop\\coding\\Projects\\Acquisitions\\node_modules\\router\\index.js:295:15\n    at processParams (C:\\Users\\amens\\Desktop\\coding\\Projects\\Acquisitions\\node_modules\\router\\index.js:582:12)\n    at next (C:\\Users\\amens\\Desktop\\coding\\Projects\\Acquisitions\\node_modules\\router\\index.js:291:5)","timestamp":"2026-08-01T21:25:23.693Z"}
{"level":"error","message":"Signup error : Error creating user","service":"acquisitions-api","stack":"Error: Error creating user\n    at createUser (file:///C:/Users/amens/Desktop/coding/Projects/Acquisitions/src/services/auth.service.js:34:11)\n    at signup (file:///C:/Users/amens/Desktop/coding/Projects/Acquisitions/src/controllers/auth.controller.js:19:24)\n    at Layer.handleRequest (C:\\Users\\amens\\Desktop\\coding\\Projects\\Acquisitions\\node_modules\\router\\lib\\layer.js:152:17)\n    at next (C:\\Users\\amens\\Desktop\\coding\\Projects\\Acquisitions\\node_modules\\router\\lib\\route.js:157:13)\n    at Route.dispatch (C:\\Users\\amens\\Desktop\\coding\\Projects\\Acquisitions\\node_modules\\router\\lib\\route.js:117:3)\n    at handle (C:\\Users\\amens\\Desktop\\coding\\Projects\\Acquisitions\\node_modules\\router\\index.js:435:11)\n    at Layer.handleRequest (C:\\Users\\amens\\Desktop\\coding\\Projects\\Acquisitions\\node_modules\\router\\lib\\layer.js:152:17)\n    at C:\\Users\\amens\\Desktop\\coding\\Projects\\Acquisitions\\node_modules\\router\\index.js:295:15\n    at processParams (C:\\Users\\amens\\Desktop\\coding\\Projects\\Acquisitions\\node_modules\\router\\index.js:582:12)\n    at next (C:\\Users\\amens\\Desktop\\coding\\Projects\\Acquisitions\\node_modules\\router\\index.js:291:5)","timestamp":"2026-08-01T21:25:23.697Z"}
{"level":"info","message":"::1 - - [01/Aug/2026:21:25:23 +0000] \"POST /api/auth/sign-up HTTP/1.1\" 500 1389 \"-\" \"HTTPie\"","service":"acquisitions-api","timestamp":"2026-08-01T21:25:23.701Z"}
{"level":"error","message":"Error creating user: User with this email already exists","service":"acquisitions-api","stack":"Error: User with this email already exists\n    at createUser (file:///C:/Users/amens/Desktop/coding/Projects/Acquisitions/src/services/auth.service.js:21:13)\n    at process.processTicksAndRejections (node:internal/process/task_queues:103:5)\n    at async signup (file:///C:/Users/amens/Desktop/coding/Projects/Acquisitions/src/controllers/auth.controller.js:19:18)","timestamp":"2026-08-01T21:26:11.153Z"}
{"level":"error","message":"Signup error : Error creating user","service":"acquisitions-api","stack":"Error: Error creating user\n    at createUser (file:///C:/Users/amens/Desktop/coding/Projects/Acquisitions/src/services/auth.service.js:34:11)\n    at process.processTicksAndRejections (node:internal/process/task_queues:103:5)\n    at async signup (file:///C:/Users/amens/Desktop/coding/Projects/Acquisitions/src/controllers/auth.controller.js:19:18)","timestamp":"2026-08-01T21:26:11.158Z"}
{"level":"info","message":"::1 - - [01/Aug/2026:21:26:11 +0000] \"POST /api/auth/sign-up HTTP/1.1\" 500 513 \"-\" \"HTTPie\"","service":"acquisitions-api","timestamp":"2026-08-01T21:26:11.168Z"}
{"level":"error","message":"Error creating user: User with this email already exists","service":"acquisitions-api","stack":"Error: User with this email already exists\n    at createUser (file:///C:/Users/amens/Desktop/coding/Projects/Acquisitions/src/services/auth.service.js:21:13)\n    at process.processTicksAndRejections (node:internal/process/task_queues:103:5)\n    at async signup (file:///C:/Users/amens/Desktop/coding/Projects/Acquisitions/src/controllers/auth.controller.js:19:18)","timestamp":"2026-08-01T21:27:19.694Z"}
{"level":"error","message":"Signup error : Error creating user","service":"acquisitions-api","stack":"Error: Error creating user\n    at createUser (file:///C:/Users/amens/Desktop/coding/Projects/Acquisitions/src/services/auth.service.js:34:11)\n    at process.processTicksAndRejections (node:internal/process/task_queues:103:5)\n    at async signup (file:///C:/Users/amens/Desktop/coding/Projects/Acquisitions/src/controllers/auth.controller.js:19:18)","timestamp":"2026-08-01T21:27:19.695Z"}
{"level":"info","message":"::1 - - [01/Aug/2026:21:27:19 +0000] \"POST /api/auth/sign-up HTTP/1.1\" 500 513 \"-\" \"HTTPie\"","service":"acquisitions-api","timestamp":"2026-08-01T21:27:19.698Z"}
{"level":"error","message":"Error creating user: User with this email already exists","service":"acquisitions-api","stack":"Error: User with this email already exists\n    at createUser (file:///C:/Users/amens/Desktop/coding/Projects/Acquisitions/src/services/auth.service.js:21:13)\n    at process.processTicksAndRejections (node:internal/process/task_queues:103:5)\n    at async signup (file:///C:/Users/amens/Desktop/coding/Projects/Acquisitions/src/controllers/auth.controller.js:19:18)","timestamp":"2026-08-01T21:28:57.573Z"}
{"level":"error","message":"Signup error : Error creating user","service":"acquisitions-api","stack":"Error: Error creating user\n    at createUser (file:///C:/Users/amens/Desktop/coding/Projects/Acquisitions/src/services/auth.service.js:34:11)\n    at process.processTicksAndRejections (node:internal/process/task_queues:103:5)\n    at async signup (file:///C:/Users/amens/Desktop/coding/Projects/Acquisitions/src/controllers/auth.controller.js:19:18)","timestamp":"2026-08-01T21:28:57.578Z"}
{"level":"info","message":"::1 - - [01/Aug/2026:21:28:57 +0000] \"POST /api/auth/sign-up HTTP/1.1\" 500 513 \"-\" \"HTTPie\"","service":"acquisitions-api","timestamp":"2026-08-01T21:28:57.586Z"}
{"level":"error","message":"Error creating user: User with this email already exists","service":"acquisitions-api","stack":"Error: User with this email already exists\n    at createUser (file:///C:/Users/amens/Desktop/coding/Projects/Acquisitions/src/services/auth.service.js:21:13)\n    at process.processTicksAndRejections (node:internal/process/task_queues:103:5)\n    at async signup (file:///C:/Users/amens/Desktop/coding/Projects/Acquisitions/src/controllers/auth.controller.js:19:18)","timestamp":"2026-08-01T21:31:51.691Z"}
{"level":"error","message":"Signup error : Error creating user","service":"acquisitions-api","stack":"Error: Error creating user\n    at createUser (file:///C:/Users/amens/Desktop/coding/Projects/Acquisitions/src/services/auth.service.js:34:11)\n    at process.processTicksAndRejections (node:internal/process/task_queues:103:5)\n    at async signup (file:///C:/Users/amens/Desktop/coding/Projects/Acquisitions/src/controllers/auth.controller.js:19:18)","timestamp":"2026-08-01T21:31:51.697Z"}
{"level":"info","message":"::1 - - [01/Aug/2026:21:31:51 +0000] \"POST /api/auth/sign-up HTTP/1.1\" 500 513 \"-\" \"HTTPie\"","service":"acquisitions-api","timestamp":"2026-08-01T21:31:51.706Z"}
{"level":"error","message":"Error creating user: User with this email already exists","service":"acquisitions-api","stack":"Error: User with this email already exists\n    at createUser (file:///C:/Users/amens/Desktop/coding/Projects/Acquisitions/src/services/auth.service.js:21:13)\n    at process.processTicksAndRejections (node:internal/process/task_queues:103:5)\n    at async signup (file:///C:/Users/amens/Desktop/coding/Projects/Acquisitions/src/controllers/auth.controller.js:19:18)","timestamp":"2026-08-01T21:32:46.550Z"}
{"level":"error","message":"Signup error : Error creating user","service":"acquisitions-api","stack":"Error: Error creating user\n    at createUser (file:///C:/Users/amens/Desktop/coding/Projects/Acquisitions/src/services/auth.service.js:34:11)\n    at process.processTicksAndRejections (node:internal/process/task_queues:103:5)\n    at async signup (file:///C:/Users/amens/Desktop/coding/Projects/Acquisitions/src/controllers/auth.controller.js:19:18)","timestamp":"2026-08-01T21:32:46.555Z"}
{"level":"info","message":"::1 - - [01/Aug/2026:21:32:46 +0000] \"POST /api/auth/sign-up HTTP/1.1\" 500 513 \"-\" \"HTTPie\"","service":"acquisitions-api","timestamp":"2026-08-01T21:32:46.565Z"}
{"level":"error","message":"Error creating user: User with this email already exists","service":"acquisitions-api","stack":"Error: User with this email already exists\n    at createUser (file:///C:/Users/amens/Desktop/coding/Projects/Acquisitions/src/services/auth.service.js:21:13)\n    at process.processTicksAndRejections (node:internal/process/task_queues:103:5)\n    at async signup (file:///C:/Users/amens/Desktop/coding/Projects/Acquisitions/src/controllers/auth.controller.js:19:18)","timestamp":"2026-08-01T21:35:10.177Z"}
{"level":"error","message":"Signup error : Error creating user","service":"acquisitions-api","stack":"Error: Error creating user\n    at createUser (file:///C:/Users/amens/Desktop/coding/Projects/Acquisitions/src/services/auth.service.js:34:11)\n    at process.processTicksAndRejections (node:internal/process/task_queues:103:5)\n    at async signup (file:///C:/Users/amens/Desktop/coding/Projects/Acquisitions/src/controllers/auth.controller.js:19:18)","timestamp":"2026-08-01T21:35:10.178Z"}
{"level":"info","message":"::1 - - [01/Aug/2026:21:35:10 +0000] \"POST /api/auth/sign-up HTTP/1.1\" 500 513 \"-\" \"HTTPie\"","service":"acquisitions-api","timestamp":"2026-08-01T21:35:10.180Z"}
{"level":"info","message":"User contact@gmail.com created successfully","service":"acquisitions-api","timestamp":"2026-08-01T21:37:36.608Z"}
{"level":"info","message":"User registered successfully: contact@gmail.com","service":"acquisitions-api","timestamp":"2026-08-01T21:37:36.624Z"}
{"level":"info","message":"::1 - - [01/Aug/2026:21:37:36 +0000] \"POST /api/auth/sign-up HTTP/1.1\" 201 116 \"-\" \"HTTPie\"","service":"acquisitions-api","timestamp":"2026-08-01T21:37:36.633Z"}
{"level":"error","message":"Error creating user: User with this email already exists","service":"acquisitions-api","stack":"Error: User with this email already exists\n    at createUser (file:///C:/Users/amens/Desktop/coding/Projects/Acquisitions/src/services/auth.service.js:21:13)\n    at process.processTicksAndRejections (node:internal/process/task_queues:103:5)\n    at async signup (file:///C:/Users/amens/Desktop/coding/Projects/Acquisitions/src/controllers/auth.controller.js:19:18)","timestamp":"2026-08-01T21:38:29.395Z"}
{"level":"error","message":"Signup error : Error creating user","service":"acquisitions-api","stack":"Error: Error creating user\n    at createUser (file:///C:/Users/amens/Desktop/coding/Projects/Acquisitions/src/services/auth.service.js:34:11)\n    at process.processTicksAndRejections (node:internal/process/task_queues:103:5)\n    at async signup (file:///C:/Users/amens/Desktop/coding/Projects/Acquisitions/src/controllers/auth.controller.js:19:18)","timestamp":"2026-08-01T21:38:29.396Z"}
{"level":"info","message":"::1 - - [01/Aug/2026:21:38:29 +0000] \"POST /api/auth/sign-up HTTP/1.1\" 500 513 \"-\" \"HTTPie\"","service":"acquisitions-api","timestamp":"2026-08-01T21:38:29.398Z"}
{"level":"info","message":"User contact2@gmail.com created successfully","service":"acquisitions-api","timestamp":"2026-08-01T21:38:57.401Z"}
{"level":"info","message":"User registered successfully: contact2@gmail.com","service":"acquisitions-api","timestamp":"2026-08-01T21:38:57.403Z"}
{"level":"info","message":"::1 - - [01/Aug/2026:21:38:57 +0000] \"POST /api/auth/sign-up HTTP/1.1\" 201 115 \"-\" \"HTTPie\"","service":"acquisitions-api","timestamp":"2026-08-01T21:38:57.404Z"}
{"level":"info","message":"User contact2@gmail.com authenticated successfully","service":"acquisitions-api","timestamp":"2026-08-02T14:20:20.378Z"}
{"level":"info","message":"User signed in successfully: contact2@gmail.com","service":"acquisitions-api","timestamp":"2026-08-02T14:20:20.387Z"}
{"level":"info","message":"::1 - - [02/Aug/2026:14:20:20 +0000] \"POST /api/auth/sign-in HTTP/1.1\" 200 114 \"-\" \"HTTPie\"","service":"acquisitions-api","timestamp":"2026-08-02T14:20:20.395Z"}
{"level":"error","message":"Error authenticating user: User with this email does not exist","service":"acquisitions-api","stack":"Error: User with this email does not exist\n    at authenticateUser (file:///C:/Users/amens/Desktop/coding/Projects/Acquisitions/src/services/auth.service.js:52:13)\n    at process.processTicksAndRejections (node:internal/process/task_queues:103:5)\n    at async signIn (file:///C:/Users/amens/Desktop/coding/Projects/Acquisitions/src/controllers/auth.controller.js:53:18)","timestamp":"2026-08-02T14:20:29.662Z"}
{"level":"error","message":"Sign-in error : User with this email does not exist","service":"acquisitions-api","stack":"Error: User with this email does not exist\n    at authenticateUser (file:///C:/Users/amens/Desktop/coding/Projects/Acquisitions/src/services/auth.service.js:52:13)\n    at process.processTicksAndRejections (node:internal/process/task_queues:103:5)\n    at async signIn (file:///C:/Users/amens/Desktop/coding/Projects/Acquisitions/src/controllers/auth.controller.js:53:18)","timestamp":"2026-08-02T14:20:29.663Z"}
{"level":"info","message":"::1 - - [02/Aug/2026:14:20:29 +0000] \"POST /api/auth/sign-in HTTP/1.1\" 401 37 \"-\" \"HTTPie\"","service":"acquisitions-api","timestamp":"2026-08-02T14:20:29.664Z"}
{"level":"info","message":"User signed out successfully","service":"acquisitions-api","timestamp":"2026-08-02T14:21:30.668Z"}
{"level":"info","message":"::1 - - [02/Aug/2026:14:21:30 +0000] \"POST /api/auth/sign-out HTTP/1.1\" 200 42 \"-\" \"HTTPie\"","service":"acquisitions-api","timestamp":"2026-08-02T14:21:30.670Z"}
{"level":"info","message":"User signed out successfully","service":"acquisitions-api","timestamp":"2026-08-02T14:21:32.960Z"}
{"level":"info","message":"::1 - - [02/Aug/2026:14:21:32 +0000] \"POST /api/auth/sign-out HTTP/1.1\" 200 42 \"-\" \"HTTPie\"","service":"acquisitions-api","timestamp":"2026-08-02T14:21:32.961Z"}
